// Jest Snapshot v1, https://goo.gl/fbAQLP

exports[`TodoList rendering should render items 1`] = `
<div>
  <Connect(Todo)
    item={
      Object {
        "content": "mock 1",
        "id": "id 1",
      }
    }
    key="todo-id 1"
  />
  <Connect(Todo)
    item={
      Object {
        "content": "mock 2",
        "id": "id 2",
      }
    }
    key="todo-id 2"
  />
</div>
`;
